Program Started
Waiting For Valve On
Waiting For Valve On
Waiting For Valve On
Waiting For Valve On
Waiting For Valve On
Waiting For Valve On
Waiting For Valve On
Waiting For Valve On
Waiting For Valve On
Waiting For Valve On
Waiting For Valve On
Waiting For Valve On
Waiting For Valve On
Waiting For Valve On
Waiting For Valve On
Waiting For Valve On
Waiting For Valve On
Waiting For Valve On
Waiting For Valve On
Waiting For Valve On
Waiting For Valve On
Waiting For Valve On
Waiting For Valve On
Waiting For Valve On
Waiting For Valve On
Waiting For Valve On
Waiting For Valve On
Waiting For Valve On
Waiting For Valve On
Waiting For Valve On
Waiting For Valve On
Waiting For Valve On
Waiting For Valve On
Waiting For Valve On
Waiting For Valve On
Waiting For Valve On
Waiting For Valve On
Waiting For Valve On
Waiting For Valve On
Waiting For Valve On
Waiting For Valve On
Waiting For Valve On
Waiting For Valve On
Waiting For Valve On
Waiting For Valve On
Waiting For Valve On
Waiting For Valve On
Waiting For Valve On
Waiting For Valve On
Waiting For Valve On
Waiting For Valve On
Waiting For Valve On
Waiting For Valve On
Waiting For Valve On
Waiting For Valve On
Waiting For Valve On
Waiting For Valve On
Waiting For Valve On
Waiting For Valve On
Waiting For Valve On
Waiting For Valve On
Waiting For Valve On
VALVE IS ON
DATA: 26452.000 Value: 0.4885 Average Value: 0.4885 Delta: -0.4885 Average Delta: -0.488487
DATA: 26884.000 Value: 0.4885 Average Value: 0.4885 Delta: 0.0000 Average Delta: -0.244243
DATA: 27315.000 Value: 0.4885 Average Value: 0.4885 Delta: 0.0000 Average Delta: 0.000000
DATA: 27744.000 Value: 0.4890 Average Value: 0.4885 Delta: -0.0005 Average Delta: -0.000274
DATA: 28176.000 Value: 0.4885 Average Value: 0.4885 Delta: 0.0005 Average Delta: 0.000000
DATA: 28606.000 Value: 0.4882 Average Value: 0.4885 Delta: 0.0003 Average Delta: 0.000000
DATA: 29035.000 Value: 0.4885 Average Value: 0.4885 Delta: -0.0003 Average Delta: 0.000000
DATA: 29466.000 Value: 0.4885 Average Value: 0.4885 Delta: 0.0000 Average Delta: 0.000000
DATA: 29896.000 Value: 0.4888 Average Value: 0.4885 Delta: -0.0003 Average Delta: 0.000000
DATA: 30326.000 Value: 0.4888 Average Value: 0.4885 Delta: 0.0000 Average Delta: 0.000000
DATA: 30756.000 Value: 0.4890 Average Value: 0.4888 Delta: -0.0003 Average Delta: -0.000268
DATA: 31188.000 Value: 0.4882 Average Value: 0.4888 Delta: 0.0008 Average Delta: 0.000000
DATA: 31618.000 Value: 0.4882 Average Value: 0.4888 Delta: 0.0000 Average Delta: 0.000000
DATA: 32048.000 Value: 0.4885 Average Value: 0.4885 Delta: -0.0003 Average Delta: 0.000000
DATA: 32479.000 Value: 0.4882 Average Value: 0.4882 Delta: 0.0003 Average Delta: 0.000000
DATA: 32908.000 Value: 0.4890 Average Value: 0.4882 Delta: -0.0008 Average Delta: 0.000000
DATA: 33339.000 Value: 0.4882 Average Value: 0.4882 Delta: 0.0008 Average Delta: 0.000000
DATA: 33769.000 Value: 0.4890 Average Value: 0.4885 Delta: -0.0008 Average Delta: -0.000268
DATA: 34200.000 Value: 0.4888 Average Value: 0.4888 Delta: 0.0003 Average Delta: 0.000268
DATA: 34632.000 Value: 0.4885 Average Value: 0.4888 Delta: 0.0003 Average Delta: 0.000268
DATA: 35061.000 Value: 0.4888 Average Value: 0.4888 Delta: -0.0003 Average Delta: 0.000268
DATA: 35492.000 Value: 0.4882 Average Value: 0.4888 Delta: 0.0005 Average Delta: 0.000268
DATA: 35922.000 Value: 0.4885 Average Value: 0.4885 Delta: -0.0003 Average Delta: 0.000268
FIRST DELTA HIT
DATA: 36371.000 Value: 0.4888 Average Value: 0.4885 Delta: -0.0003 Average Delta: -0.000268
RXN DONE
Calculated Distance: 33.46
TIMETORUN: 36411.00
DATA: 36864.000 Value: 0.4885 Average Value: 0.4885 Delta: 0.0003 Average Delta: -0.000268
DATA: 37295.000 Value: 0.4885 Average Value: 0.4885 Delta: -0.0000 Average Delta: -0.000013
DATA: 37727.000 Value: 0.4885 Average Value: 0.4885 Delta: 0.0000 Average Delta: -0.000013
DATA: 38158.000 Value: 0.4885 Average Value: 0.4885 Delta: 0.0000 Average Delta: 0.000000
DATA: 38587.000 Value: 0.4883 Average Value: 0.4885 Delta: 0.0003 Average Delta: 0.000000
DATA: 39017.000 Value: 0.4883 Average Value: 0.4885 Delta: 0.0000 Average Delta: 0.000000
DATA: 39447.000 Value: 0.4885 Average Value: 0.4885 Delta: -0.0003 Average Delta: 0.000000
DATA: 39877.000 Value: 0.4885 Average Value: 0.4885 Delta: 0.0000 Average Delta: 0.000000
DATA: 40307.000 Value: 0.4883 Average Value: 0.4883 Delta: 0.0003 Average Delta: 0.000000
DATA: 40736.000 Value: 0.4883 Average Value: 0.4883 Delta: 0.0000 Average Delta: 0.000000
DATA: 41166.000 Value: 0.4880 Average Value: 0.4883 Delta: 0.0003 Average Delta: 0.000000
DATA: 41596.000 Value: 0.4883 Average Value: 0.4883 Delta: -0.0003 Average Delta: 0.000000
DATA: 42027.000 Value: 0.4883 Average Value: 0.4883 Delta: 0.0000 Average Delta: 0.000000
DATA: 42457.000 Value: 0.4883 Average Value: 0.4883 Delta: 0.0000 Average Delta: 0.000000
DATA: 42887.000 Value: 0.4883 Average Value: 0.4883 Delta: 0.0000 Average Delta: 0.000000
DATA: 43316.000 Value: 0.4880 Average Value: 0.4883 Delta: 0.0003 Average Delta: 0.000000
DATA: 43746.000 Value: 0.4883 Average Value: 0.4883 Delta: -0.0003 Average Delta: 0.000000
DATA: 44177.000 Value: 0.4883 Average Value: 0.4883 Delta: 0.0000 Average Delta: 0.000000
DATA: 44606.000 Value: 0.4880 Average Value: 0.4883 Delta: 0.0003 Average Delta: 0.000000
DATA: 45036.000 Value: 0.4880 Average Value: 0.4880 Delta: 0.0000 Average Delta: 0.000000
DATA: 45465.000 Value: 0.4883 Average Value: 0.4883 Delta: -0.0003 Average Delta: 0.000000
DATA: 45896.000 Value: 0.4880 Average Value: 0.4880 Delta: 0.0003 Average Delta: 0.000000
DATA: 46326.000 Value: 0.4885 Average Value: 0.4880 Delta: -0.0005 Average Delta: 0.000000
DATA: 46756.000 Value: 0.4885 Average Value: 0.4883 Delta: -0.0000 Average Delta: -0.000013
DATA: 47188.000 Value: 0.4880 Average Value: 0.4883 Delta: 0.0006 Average Delta: -0.000013
DATA: 47620.000 Value: 0.4883 Average Value: 0.4883 Delta: -0.0003 Average Delta: -0.000013
DATA: 48052.000 Value: 0.4888 Average Value: 0.4885 Delta: -0.0006 Average Delta: -0.000273
DATA: 48483.000 Value: 0.4883 Average Value: 0.4883 Delta: 0.0006 Average Delta: -0.000013
DATA: 48914.000 Value: 0.4880 Average Value: 0.4883 Delta: 0.0003 Average Delta: 0.000273
DATA: 49344.000 Value: 0.4883 Average Value: 0.4883 Delta: -0.0003 Average Delta: -0.000273
DATA: 49776.000 Value: 0.4883 Average Value: 0.4883 Delta: 0.0000 Average Delta: 0.000000
DATA: 50205.000 Value: 0.4872 Average Value: 0.4883 Delta: 0.0011 Average Delta: 0.000273
DATA: 50635.000 Value: 0.4880 Average Value: 0.4880 Delta: -0.0008 Average Delta: 0.000000
DATA: 51066.000 Value: 0.4880 Average Value: 0.4880 Delta: 0.0000 Average Delta: 0.000000
DATA: 51495.000 Value: 0.4880 Average Value: 0.4880 Delta: 0.0000 Average Delta: 0.000000
DATA: 51926.000 Value: 0.4885 Average Value: 0.4880 Delta: -0.0005 Average Delta: 0.000000
DATA: 52356.000 Value: 0.4880 Average Value: 0.4880 Delta: 0.0005 Average Delta: 0.000000
DATA: 52786.000 Value: 0.4880 Average Value: 0.4880 Delta: 0.0000 Average Delta: 0.000000
DATA: 53216.000 Value: 0.4888 Average Value: 0.4880 Delta: -0.0008 Average Delta: 0.000000
DATA: 53646.000 Value: 0.4880 Average Value: 0.4880 Delta: 0.0008 Average Delta: 0.000000
DATA: 54076.000 Value: 0.4885 Average Value: 0.4880 Delta: -0.0006 Average Delta: 0.000000
DATA: 54507.000 Value: 0.4880 Average Value: 0.4880 Delta: 0.0006 Average Delta: 0.000000
DATA: 54936.000 Value: 0.4885 Average Value: 0.4885 Delta: -0.0006 Average Delta: -0.000559
DATA: 55368.000 Value: 0.4883 Average Value: 0.4883 Delta: 0.0003 Average Delta: 0.000286
DATA: 55798.000 Value: 0.4883 Average Value: 0.4883 Delta: 0.0000 Average Delta: 0.000000
DATA: 56227.000 Value: 0.4883 Average Value: 0.4883 Delta: 0.0000 Average Delta: 0.000000
DATA: 56657.000 Value: 0.4883 Average Value: 0.4883 Delta: 0.0000 Average Delta: 0.000000
DATA: 57088.000 Value: 0.4880 Average Value: 0.4883 Delta: 0.0003 Average Delta: 0.000000
DATA: 57517.000 Value: 0.4880 Average Value: 0.4883 Delta: 0.0000 Average Delta: 0.000000
DATA: 57947.000 Value: 0.4885 Average Value: 0.4883 Delta: -0.0006 Average Delta: 0.000000
DATA: 58378.000 Value: 0.4880 Average Value: 0.4880 Delta: 0.0006 Average Delta: 0.000000
DATA: 58807.000 Value: 0.4880 Average Value: 0.4880 Delta: 0.0000 Average Delta: 0.000000
DATA: 59238.000 Value: 0.4880 Average Value: 0.4880 Delta: 0.0000 Average Delta: 0.000000
DATA: 59668.000 Value: 0.4885 Average Value: 0.4880 Delta: -0.0006 Average Delta: 0.000000
DATA: 60099.000 Value: 0.4885 Average Value: 0.4880 Delta: 0.0000 Average Delta: 0.000000
DATA: 60528.000 Value: 0.4880 Average Value: 0.4880 Delta: 0.0006 Average Delta: 0.000000
DATA: 60958.000 Value: 0.4877 Average Value: 0.4880 Delta: 0.0003 Average Delta: 0.000000
DATA: 61388.000 Value: 0.4885 Average Value: 0.4885 Delta: -0.0008 Average Delta: 0.000000
DATA: 61818.000 Value: 0.4885 Average Value: 0.4885 Delta: 0.0000 Average Delta: 0.000000
DATA: 62248.000 Value: 0.4880 Average Value: 0.4880 Delta: 0.0006 Average Delta: 0.000273
DATA: 62679.000 Value: 0.4877 Average Value: 0.4880 Delta: 0.0003 Average Delta: 0.000273
DATA: 63110.000 Value: 0.4883 Average Value: 0.4883 Delta: -0.0005 Average Delta: 0.000000
DATA: 63540.000 Value: 0.4880 Average Value: 0.4880 Delta: 0.0003 Average Delta: 0.000273
DATA: 63970.000 Value: 0.4880 Average Value: 0.4880 Delta: 0.0000 Average Delta: 0.000273
DATA: 64400.000 Value: 0.4880 Average Value: 0.4880 Delta: 0.0000 Average Delta: 0.000000
DATA: 64829.000 Value: 0.4888 Average Value: 0.4880 Delta: -0.0008 Average Delta: 0.000000
DATA: 65260.000 Value: 0.4885 Average Value: 0.4880 Delta: 0.0003 Average Delta: 0.000000
DATA: 65690.000 Value: 0.4885 Average Value: 0.4885 Delta: 0.0000 Average Delta: 0.000000
DATA: 66119.000 Value: 0.4883 Average Value: 0.4885 Delta: 0.0003 Average Delta: 0.000000
DATA: 66549.000 Value: 0.4885 Average Value: 0.4885 Delta: -0.0003 Average Delta: 0.000000
DATA: 66980.000 Value: 0.4880 Average Value: 0.4885 Delta: 0.0006 Average Delta: 0.000273
DATA: 67410.000 Value: 0.4880 Average Value: 0.4883 Delta: 0.0000 Average Delta: 0.000000
DATA: 67840.000 Value: 0.4880 Average Value: 0.4880 Delta: 0.0000 Average Delta: 0.000000
DATA: 68270.000 Value: 0.4883 Average Value: 0.4880 Delta: -0.0003 Average Delta: 0.000000
DATA: 68701.000 Value: 0.4883 Average Value: 0.4880 Delta: 0.0000 Average Delta: 0.000000
DATA: 69130.000 Value: 0.4883 Average Value: 0.4883 Delta: 0.0000 Average Delta: 0.000000
DATA: 69560.000 Value: 0.4883 Average Value: 0.4883 Delta: 0.0000 Average Delta: 0.000000
DATA: 69989.000 Value: 0.4883 Average Value: 0.4883 Delta: 0.0000 Average Delta: 0.000000
DATA: 70419.000 Value: 0.4883 Average Value: 0.4883 Delta: 0.0000 Average Delta: 0.000000
DATA: 70849.000 Value: 0.4888 Average Value: 0.4883 Delta: -0.0006 Average Delta: 0.000000
DATA: 71279.000 Value: 0.4883 Average Value: 0.4883 Delta: 0.0006 Average Delta: 0.000000
DATA: 71709.000 Value: 0.4888 Average Value: 0.4883 Delta: -0.0006 Average Delta: 0.000000
DATA: 72140.000 Value: 0.4883 Average Value: 0.4883 Delta: 0.0006 Average Delta: 0.000000
DATA: 72569.000 Value: 0.4883 Average Value: 0.4883 Delta: 0.0000 Average Delta: 0.000000
DATA: 72999.000 Value: 0.4880 Average Value: 0.4883 Delta: 0.0003 Average Delta: 0.000273
Done Moving Car
DATA: 73447.000 Value: 0.4881 Average Value: 0.4883 Delta: -0.0001 Average Delta: 0.000000
DATA: 73878.000 Value: 0.4881 Average Value: 0.4881 Delta: -0.0000 Average Delta: 0.000000
DATA: 74308.000 Value: 0.4882 Average Value: 0.4881 Delta: -0.0000 Average Delta: -0.000013
DATA: 74740.000 Value: 0.4890 Average Value: 0.4881 Delta: -0.0008 Average Delta: -0.000013
DATA: 75172.000 Value: 0.4884 Average Value: 0.4882 Delta: 0.0005 Average Delta: -0.000013
DATA: 75602.000 Value: 0.4884 Average Value: 0.4884 Delta: 0.0000 Average Delta: -0.000013
DATA: 76034.000 Value: 0.4884 Average Value: 0.4884 Delta: 0.0000 Average Delta: 0.000000
DATA: 76464.000 Value: 0.4882 Average Value: 0.4884 Delta: 0.0003 Average Delta: 0.000000
DATA: 76893.000 Value: 0.4890 Average Value: 0.4884 Delta: -0.0008 Average Delta: 0.000000
DATA: 77324.000 Value: 0.4884 Average Value: 0.4884 Delta: 0.0005 Average Delta: 0.000000
DATA: 77754.000 Value: 0.4884 Average Value: 0.4884 Delta: 0.0000 Average Delta: 0.000013
DATA: 78183.000 Value: 0.4884 Average Value: 0.4884 Delta: -0.0000 Average Delta: 0.000013
DATA: 78614.000 Value: 0.4884 Average Value: 0.4884 Delta: 0.0000 Average Delta: 0.000000
DATA: 79044.000 Value: 0.4884 Average Value: 0.4884 Delta: 0.0000 Average Delta: 0.000000
DATA: 79473.000 Value: 0.4884 Average Value: 0.4884 Delta: 0.0000 Average Delta: 0.000000
DATA: 79903.000 Value: 0.4884 Average Value: 0.4884 Delta: 0.0000 Average Delta: 0.000000
DATA: 80333.000 Value: 0.4884 Average Value: 0.4884 Delta: 0.0000 Average Delta: 0.000000
DATA: 80762.000 Value: 0.4890 Average Value: 0.4884 Delta: -0.0006 Average Delta: 0.000000
DATA: 81193.000 Value: 0.4884 Average Value: 0.4884 Delta: 0.0006 Average Delta: 0.000000
DATA: 81623.000 Value: 0.4884 Average Value: 0.4884 Delta: 0.0000 Average Delta: 0.000000
DATA: 82053.000 Value: 0.4882 Average Value: 0.4884 Delta: 0.0003 Average Delta: 0.000000
DATA: 82483.000 Value: 0.4887 Average Value: 0.4884 Delta: -0.0005 Average Delta: 0.000000
DATA: 82913.000 Value: 0.4887 Average Value: 0.4884 Delta: 0.0000 Average Delta: 0.000000
DATA: 83343.000 Value: 0.4882 Average Value: 0.4884 Delta: 0.0005 Average Delta: 0.000000
DATA: 83773.000 Value: 0.4887 Average Value: 0.4887 Delta: -0.0005 Average Delta: 0.000000
DATA: 84203.000 Value: 0.4890 Average Value: 0.4887 Delta: -0.0003 Average Delta: -0.000269
DATA: 84635.000 Value: 0.4882 Average Value: 0.4887 Delta: 0.0008 Average Delta: 0.000000
DATA: 85066.000 Value: 0.4887 Average Value: 0.4887 Delta: -0.0005 Average Delta: -0.000269
DATA: 85498.000 Value: 0.4885 Average Value: 0.4887 Delta: 0.0003 Average Delta: -0.000269
DATA: 85929.000 Value: 0.4887 Average Value: 0.4887 Delta: -0.0003 Average Delta: -0.000269
DATA: 86361.000 Value: 0.4887 Average Value: 0.4887 Delta: 0.0000 Average Delta: 0.000000
DATA: 86791.000 Value: 0.4887 Average Value: 0.4887 Delta: 0.0000 Average Delta: 0.000000
DATA: 87221.000 Value: 0.4887 Average Value: 0.4887 Delta: 0.0000 Average Delta: 0.000000
DATA: 87650.000 Value: 0.4887 Average Value: 0.4887 Delta: 0.0000 Average Delta: 0.000000
DATA: 88080.000 Value: 0.4887 Average Value: 0.4887 Delta: 0.0000 Average Delta: 0.000000
DATA: 88509.000 Value: 0.4879 Average Value: 0.4887 Delta: 0.0008 Average Delta: 0.000000
DATA: 88939.000 Value: 0.4887 Average Value: 0.4887 Delta: -0.0008 Average Delta: 0.000000
DATA: 89370.000 Value: 0.4882 Average Value: 0.4887 Delta: 0.0005 Average Delta: 0.000000
DATA: 89800.000 Value: 0.4885 Average Value: 0.4885 Delta: -0.0003 Average Delta: 0.000000
DATA: 90230.000 Value: 0.4882 Average Value: 0.4882 Delta: 0.0003 Average Delta: 0.000281
DATA: 90660.000 Value: 0.4885 Average Value: 0.4885 Delta: -0.0003 Average Delta: -0.000281
DATA: 91092.000 Value: 0.4885 Average Value: 0.4885 Delta: 0.0000 Average Delta: 0.000000
DATA: 91522.000 Value: 0.4885 Average Value: 0.4885 Delta: 0.0000 Average Delta: 0.000000
DATA: 91952.000 Value: 0.4885 Average Value: 0.4885 Delta: 0.0000 Average Delta: 0.000000
DATA: 92382.000 Value: 0.4885 Average Value: 0.4885 Delta: 0.0000 Average Delta: 0.000000
DATA: 92811.000 Value: 0.4887 Average Value: 0.4885 Delta: -0.0003 Average Delta: 0.000000
DATA: 93242.000 Value: 0.4882 Average Value: 0.4885 Delta: 0.0005 Average Delta: 0.000000
DATA: 93671.000 Value: 0.4879 Average Value: 0.4885 Delta: 0.0003 Average Delta: 0.000000
DATA: 94103.000 Value: 0.4887 Average Value: 0.4885 Delta: -0.0008 Average Delta: 0.000000
DATA: 94533.000 Value: 0.4885 Average Value: 0.4885 Delta: 0.0003 Average Delta: 0.000269
DATA: 94963.000 Value: 0.4879 Average Value: 0.4882 Delta: 0.0005 Average Delta: 0.000281
DATA: 95393.000 Value: 0.4887 Average Value: 0.4885 Delta: -0.0008 Average Delta: 0.000269
DATA: 95823.000 Value: 0.4885 Average Value: 0.4885 Delta: 0.0003 Average Delta: 0.000269
DATA: 96253.000 Value: 0.4890 Average Value: 0.4885 Delta: -0.0005 Average Delta: 0.000269
DATA: 96685.000 Value: 0.4882 Average Value: 0.4885 Delta: 0.0008 Average Delta: 0.000281
DATA: 97114.000 Value: 0.4882 Average Value: 0.4885 Delta: 0.0000 Average Delta: 0.000000
DATA: 97544.000 Value: 0.4887 Average Value: 0.4885 Delta: -0.0005 Average Delta: 0.000000
DATA: 97975.000 Value: 0.4890 Average Value: 0.4887 Delta: -0.0003 Average Delta: -0.000269
DATA: 98407.000 Value: 0.4885 Average Value: 0.4885 Delta: 0.0005 Average Delta: 0.000000
DATA: 98836.000 Value: 0.4885 Average Value: 0.4885 Delta: 0.0000 Average Delta: 0.000000
DATA: 99266.000 Value: 0.4885 Average Value: 0.4885 Delta: 0.0000 Average Delta: 0.000000
DATA: 99695.000 Value: 0.4882 Average Value: 0.4885 Delta: 0.0003 Average Delta: 0.000000
DATA: 100125.000 Value: 0.4882 Average Value: 0.4885 Delta: 0.0000 Average Delta: 0.000000
DATA: 100556.000 Value: 0.4882 Average Value: 0.4882 Delta: 0.0000 Average Delta: 0.000000
DATA: 100986.000 Value: 0.4882 Average Value: 0.4882 Delta: 0.0000 Average Delta: 0.000000
DATA: 101417.000 Value: 0.4887 Average Value: 0.4882 Delta: -0.0005 Average Delta: 0.000000
DATA: 101850.000 Value: 0.4882 Average Value: 0.4882 Delta: 0.0005 Average Delta: 0.000000
DATA: 102280.000 Value: 0.4882 Average Value: 0.4882 Delta: 0.0000 Average Delta: 0.000000
DATA: 102711.000 Value: 0.4882 Average Value: 0.4882 Delta: 0.0000 Average Delta: 0.000000
DATA: 103142.000 Value: 0.4890 Average Value: 0.4882 Delta: -0.0008 Average Delta: 0.000000
DATA: 103573.000 Value: 0.4890 Average Value: 0.4882 Delta: 0.0000 Average Delta: 0.000000
DATA: 104004.000 Value: 0.4890 Average Value: 0.4890 Delta: 0.0000 Average Delta: 0.000000
DATA: 104435.000 Value: 0.4885 Average Value: 0.4890 Delta: 0.0005 Average Delta: 0.000000
DATA: 104865.000 Value: 0.4882 Average Value: 0.4890 Delta: 0.0003 Average Delta: 0.000000
DATA: 105296.000 Value: 0.4887 Average Value: 0.4887 Delta: -0.0005 Average Delta: 0.000000
DATA: 105729.000 Value: 0.4882 Average Value: 0.4885 Delta: 0.0005 Average Delta: 0.000268
DATA: 106159.000 Value: 0.4887 Average Value: 0.4885 Delta: -0.0005 Average Delta: 0.000268
DATA: 106591.000 Value: 0.4887 Average Value: 0.4887 Delta: 0.0000 Average Delta: 0.000012
DATA: 107022.000 Value: 0.4885 Average Value: 0.4887 Delta: 0.0003 Average Delta: 0.000012
DATA: 107452.000 Value: 0.4882 Average Value: 0.4885 Delta: 0.0003 Average Delta: 0.000256
DATA: 107883.000 Value: 0.4890 Average Value: 0.4887 Delta: -0.0008 Average Delta: 0.000012
DATA: 108315.000 Value: 0.4887 Average Value: 0.4887 Delta: 0.0003 Average Delta: 0.000256
DATA: 108746.000 Value: 0.4887 Average Value: 0.4887 Delta: 0.0000 Average Delta: 0.000256
DATA: 109176.000 Value: 0.4887 Average Value: 0.4887 Delta: 0.0000 Average Delta: 0.000000
DATA: 109607.000 Value: 0.4887 Average Value: 0.4887 Delta: 0.0000 Average Delta: 0.000000
DATA: 110039.000 Value: 0.4882 Average Value: 0.4887 Delta: 0.0005 Average Delta: 0.000000
DATA: 110469.000 Value: 0.4882 Average Value: 0.4887 Delta: 0.0000 Average Delta: 0.000000
DATA: 110900.000 Value: 0.4885 Average Value: 0.4885 Delta: -0.0003 Average Delta: 0.000000
DATA: 111332.000 Value: 0.4887 Average Value: 0.4885 Delta: -0.0003 Average Delta: 0.000000
DATA: 111763.000 Value: 0.4882 Average Value: 0.4882 Delta: 0.0005 Average Delta: 0.000000
DATA: 112194.000 Value: 0.4885 Average Value: 0.4885 Delta: -0.0003 Average Delta: -0.000268
DATA: 112627.000 Value: 0.4882 Average Value: 0.4885 Delta: 0.0003 Average Delta: -0.000268
DATA: 113058.000 Value: 0.4887 Average Value: 0.4885 Delta: -0.0005 Average Delta: -0.000268
DATA: 113491.000 Value: 0.4885 Average Value: 0.4885 Delta: 0.0003 Average Delta: 0.000268
DATA: 113923.000 Value: 0.4887 Average Value: 0.4885 Delta: -0.0003 Average Delta: -0.000268
DATA: 114356.000 Value: 0.4890 Average Value: 0.4887 Delta: -0.0003 Average Delta: -0.000269
DATA: 114788.000 Value: 0.4887 Average Value: 0.4887 Delta: 0.0003 Average Delta: -0.000269
DATA: 115220.000 Value: 0.4887 Average Value: 0.4887 Delta: 0.0000 Average Delta: 0.000000
DATA: 115651.000 Value: 0.4885 Average Value: 0.4887 Delta: 0.0003 Average Delta: 0.000000
DATA: 116081.000 Value: 0.4882 Average Value: 0.4887 Delta: 0.0003 Average Delta: 0.000268
DATA: 116512.000 Value: 0.4890 Average Value: 0.4887 Delta: -0.0008 Average Delta: 0.000268
DATA: 116944.000 Value: 0.4887 Average Value: 0.4887 Delta: 0.0003 Average Delta: 0.000268
DATA: 117376.000 Value: 0.4885 Average Value: 0.4885 Delta: 0.0003 Average Delta: 0.000268
DATA: 117806.000 Value: 0.4882 Average Value: 0.4885 Delta: 0.0003 Average Delta: 0.000269
DATA: 118237.000 Value: 0.4887 Average Value: 0.4887 Delta: -0.0005 Average Delta: 0.000268
DATA: 118669.000 Value: 0.4882 Average Value: 0.4885 Delta: 0.0005 Average Delta: 0.000269
DATA: 119100.000 Value: 0.4887 Average Value: 0.4885 Delta: -0.0005 Average Delta: 0.000268
DATA: 119531.000 Value: 0.4879 Average Value: 0.4882 Delta: 0.0008 Average Delta: 0.000281
DATA: 119962.000 Value: 0.4887 Average Value: 0.4887 Delta: -0.0008 Average Delta: -0.000549
DATA: 120395.000 Value: 0.4885 Average Value: 0.4885 Delta: 0.0003 Average Delta: 0.000268
DATA: 120826.000 Value: 0.4887 Average Value: 0.4887 Delta: -0.0003 Average Delta: -0.000268
DATA: 121259.000 Value: 0.4887 Average Value: 0.4887 Delta: 0.0000 Average Delta: 0.000000
DATA: 121690.000 Value: 0.4887 Average Value: 0.4887 Delta: 0.0000 Average Delta: 0.000000
DATA: 122121.000 Value: 0.4887 Average Value: 0.4887 Delta: 0.0000 Average Delta: 0.000000
DATA: 122551.000 Value: 0.4879 Average Value: 0.4887 Delta: 0.0008 Average Delta: 0.000000
DATA: 122982.000 Value: 0.4890 Average Value: 0.4887 Delta: -0.0011 Average Delta: 0.000000
DATA: 123413.000 Value: 0.4887 Average Value: 0.4887 Delta: 0.0003 Average Delta: 0.000000
DATA: 123844.000 Value: 0.4885 Average Value: 0.4887 Delta: 0.0003 Average Delta: 0.000268
DATA: 124275.000 Value: 0.4887 Average Value: 0.4887 Delta: -0.0003 Average Delta: 0.000268
DATA: 124707.000 Value: 0.4890 Average Value: 0.4887 Delta: -0.0003 Average Delta: -0.000268
DATA: 125139.000 Value: 0.4882 Average Value: 0.4887 Delta: 0.0008 Average Delta: 0.000268
DATA: 125571.000 Value: 0.4887 Average Value: 0.4887 Delta: -0.0005 Average Delta: -0.000268
DATA: 126004.000 Value: 0.4887 Average Value: 0.4887 Delta: 0.0000 Average Delta: -0.000268
DATA: 126436.000 Value: 0.4882 Average Value: 0.4887 Delta: 0.0005 Average Delta: 0.000000
DATA: 126866.000 Value: 0.4887 Average Value: 0.4887 Delta: -0.0005 Average Delta: 0.000000
DATA: 127298.000 Value: 0.4893 Average Value: 0.4887 Delta: -0.0005 Average Delta: -0.000549
DATA: 127731.000 Value: 0.4885 Average Value: 0.4887 Delta: 0.0008 Average Delta: 0.000000
DATA: 128161.000 Value: 0.4890 Average Value: 0.4887 Delta: -0.0005 Average Delta: -0.000537
DATA: 128594.000 Value: 0.4887 Average Value: 0.4887 Delta: 0.0003 Average Delta: -0.000537
DATA: 129027.000 Value: 0.4887 Average Value: 0.4887 Delta: 0.0000 Average Delta: 0.000000
DATA: 129457.000 Value: 0.4885 Average Value: 0.4887 Delta: 0.0003 Average Delta: 0.000268
DATA: 129888.000 Value: 0.4879 Average Value: 0.4887 Delta: 0.0005 Average Delta: 0.000268
DATA: 130319.000 Value: 0.4887 Average Value: 0.4887 Delta: -0.0008 Average Delta: 0.000268
DATA: 130751.000 Value: 0.4885 Average Value: 0.4885 Delta: 0.0003 Average Delta: 0.000268
DATA: 131183.000 Value: 0.4890 Average Value: 0.4885 Delta: -0.0005 Average Delta: 0.000268
DATA: 131615.000 Value: 0.4885 Average Value: 0.4885 Delta: 0.0005 Average Delta: 0.000268
DATA: 132045.000 Value: 0.4890 Average Value: 0.4887 Delta: -0.0005 Average Delta: -0.000537
DATA: 132478.000 Value: 0.4885 Average Value: 0.4885 Delta: 0.0005 Average Delta: 0.000268
DATA: 132910.000 Value: 0.4887 Average Value: 0.4887 Delta: -0.0003 Average Delta: -0.000268
DATA: 133344.000 Value: 0.4885 Average Value: 0.4885 Delta: 0.0003 Average Delta: 0.000268
DATA: 133775.000 Value: 0.4887 Average Value: 0.4887 Delta: -0.0003 Average Delta: -0.000268
DATA: 134209.000 Value: 0.4882 Average Value: 0.4885 Delta: 0.0005 Average Delta: 0.000268
DATA: 134640.000 Value: 0.4887 Average Value: 0.4887 Delta: -0.0005 Average Delta: -0.000268
DATA: 135072.000 Value: 0.4887 Average Value: 0.4887 Delta: 0.0000 Average Delta: 0.000000
DATA: 135503.000 Value: 0.4887 Average Value: 0.4887 Delta: 0.0000 Average Delta: 0.000000
DATA: 135934.000 Value: 0.4885 Average Value: 0.4887 Delta: 0.0003 Average Delta: 0.000000
DATA: 136367.000 Value: 0.4879 Average Value: 0.4887 Delta: 0.0005 Average Delta: 0.000000
DATA: 136797.000 Value: 0.4890 Average Value: 0.4887 Delta: -0.0011 Average Delta: 0.000000
DATA: 137229.000 Value: 0.4885 Average Value: 0.4885 Delta: 0.0005 Average Delta: 0.000268
DATA: 137660.000 Value: 0.4887 Average Value: 0.4885 Delta: -0.0003 Average Delta: 0.000268
DATA: 138092.000 Value: 0.4893 Average Value: 0.4887 Delta: -0.0005 Average Delta: -0.000268
DATA: 138524.000 Value: 0.4885 Average Value: 0.4887 Delta: 0.0008 Average Delta: -0.000268
DATA: 138956.000 Value: 0.4887 Average Value: 0.4887 Delta: -0.0003 Average Delta: -0.000268
DATA: 139389.000 Value: 0.4885 Average Value: 0.4887 Delta: 0.0003 Average Delta: -0.000268
DATA: 139822.000 Value: 0.4887 Average Value: 0.4887 Delta: -0.0003 Average Delta: -0.000268
DATA: 140254.000 Value: 0.4882 Average Value: 0.4885 Delta: 0.0005 Average Delta: 0.000281
DATA: 140685.000 Value: 0.4887 Average Value: 0.4887 Delta: -0.0005 Average Delta: -0.000268
DATA: 141118.000 Value: 0.4887 Average Value: 0.4887 Delta: 0.0000 Average Delta: 0.000000
DATA: 141549.000 Value: 0.4885 Average Value: 0.4887 Delta: 0.0003 Average Delta: 0.000000
DATA: 141979.000 Value: 0.4887 Average Value: 0.4887 Delta: -0.0003 Average Delta: 0.000000
DATA: 142411.000 Value: 0.4887 Average Value: 0.4887 Delta: 0.0000 Average Delta: 0.000000
DATA: 142842.000 Value: 0.4887 Average Value: 0.4887 Delta: 0.0000 Average Delta: 0.000000
DATA: 143272.000 Value: 0.4893 Average Value: 0.4887 Delta: -0.0005 Average Delta: 0.000000
DATA: 143705.000 Value: 0.4885 Average Value: 0.4887 Delta: 0.0008 Average Delta: 0.000000
DATA: 144136.000 Value: 0.4882 Average Value: 0.4887 Delta: 0.0003 Average Delta: 0.000000
DATA: 144566.000 Value: 0.4882 Average Value: 0.4885 Delta: 0.0000 Average Delta: 0.000000
DATA: 144997.000 Value: 0.4887 Average Value: 0.4885 Delta: -0.0005 Average Delta: 0.000000
DATA: 145429.000 Value: 0.4882 Average Value: 0.4882 Delta: 0.0005 Average Delta: 0.000281
DATA: 145859.000 Value: 0.4887 Average Value: 0.4882 Delta: -0.0005 Average Delta: 0.000000
DATA: 146291.000 Value: 0.4882 Average Value: 0.4882 Delta: 0.0005 Average Delta: 0.000000
DATA: 146722.000 Value: 0.4890 Average Value: 0.4887 Delta: -0.0008 Average Delta: -0.000549
DATA: 147156.000 Value: 0.4887 Average Value: 0.4887 Delta: 0.0003 Average Delta: 0.000269
DATA: 147588.000 Value: 0.4890 Average Value: 0.4887 Delta: -0.0003 Average Delta: -0.000269
DATA: 148021.000 Value: 0.4885 Average Value: 0.4887 Delta: 0.0005 Average Delta: 0.000269
DATA: 148451.000 Value: 0.4882 Average Value: 0.4887 Delta: 0.0003 Average Delta: 0.000269
DATA: 148882.000 Value: 0.4887 Average Value: 0.4887 Delta: -0.0005 Average Delta: 0.000269
DATA: 149314.000 Value: 0.4887 Average Value: 0.4887 Delta: 0.0000 Average Delta: 0.000000
DATA: 150147.000 Value: 0.4887 Average Value: 0.4887 Delta: 0.0000 Average Delta: 0.000000
DATA: 150578.000 Value: 0.4887 Average Value: 0.4887 Delta: 0.0000 Average Delta: 0.000000
DATA: 151010.000 Value: 0.4890 Average Value: 0.4887 Delta: -0.0003 Average Delta: 0.000000
DATA: 151441.000 Value: 0.4887 Average Value: 0.4887 Delta: 0.0003 Average Delta: 0.000000
DATA: 151872.000 Value: 0.4887 Average Value: 0.4887 Delta: 0.0000 Average Delta: 0.000000
DATA: 152303.000 Value: 0.4887 Average Value: 0.4887 Delta: 0.0000 Average Delta: 0.000000
DATA: 152733.000 Value: 0.4887 Average Value: 0.4887 Delta: 0.0000 Average Delta: 0.000000
DATA: 153164.000 Value: 0.4887 Average Value: 0.4887 Delta: 0.0000 Average Delta: 0.000000
DATA: 153595.000 Value: 0.4887 Average Value: 0.4887 Delta: 0.0000 Average Delta: 0.000000
DATA: 154025.000 Value: 0.4885 Average Value: 0.4887 Delta: 0.0003 Average Delta: 0.000000
DATA: 154457.000 Value: 0.4890 Average Value: 0.4887 Delta: -0.0005 Average Delta: 0.000000
DATA: 154890.000 Value: 0.4887 Average Value: 0.4887 Delta: 0.0003 Average Delta: 0.000000
DATA: 155322.000 Value: 0.4887 Average Value: 0.4887 Delta: 0.0000 Average Delta: 0.000012
DATA: 155753.000 Value: 0.4882 Average Value: 0.4887 Delta: 0.0005 Average Delta: 0.000268
DATA: 156184.000 Value: 0.4890 Average Value: 0.4887 Delta: -0.0008 Average Delta: 0.000012
DATA: 156615.000 Value: 0.4887 Average Value: 0.4887 Delta: 0.0003 Average Delta: 0.000269
DATA: 157046.000 Value: 0.4887 Average Value: 0.4887 Delta: 0.0000 Average Delta: 0.000012
DATA: 157478.000 Value: 0.4890 Average Value: 0.4887 Delta: -0.0003 Average Delta: 0.000000
DATA: 157912.000 Value: 0.4887 Average Value: 0.4887 Delta: 0.0003 Average Delta: 0.000000
DATA: 158343.000 Value: 0.4887 Average Value: 0.4887 Delta: 0.0000 Average Delta: 0.000000
DATA: 158774.000 Value: 0.4887 Average Value: 0.4887 Delta: 0.0000 Average Delta: 0.000000
DATA: 159206.000 Value: 0.4887 Average Value: 0.4887 Delta: 0.0000 Average Delta: 0.000000
DATA: 159636.000 Value: 0.4885 Average Value: 0.4887 Delta: 0.0003 Average Delta: 0.000000
DATA: 160067.000 Value: 0.4885 Average Value: 0.4887 Delta: 0.0000 Average Delta: 0.000000
DATA: 160498.000 Value: 0.4882 Average Value: 0.4885 Delta: 0.0003 Average Delta: 0.000000
DATA: 160928.000 Value: 0.4887 Average Value: 0.4885 Delta: -0.0005 Average Delta: 0.000000
DATA: 161361.000 Value: 0.4887 Average Value: 0.4885 Delta: 0.0000 Average Delta: 0.000000
DATA: 161793.000 Value: 0.4890 Average Value: 0.4887 Delta: -0.0003 Average Delta: 0.000000
DATA: 162225.000 Value: 0.4890 Average Value: 0.4887 Delta: 0.0000 Average Delta: 0.000000
DATA: 162655.000 Value: 0.4890 Average Value: 0.4890 Delta: 0.0000 Average Delta: 0.000000
DATA: 163086.000 Value: 0.4887 Average Value: 0.4890 Delta: 0.0003 Average Delta: 0.000000
DATA: 163517.000 Value: 0.4887 Average Value: 0.4890 Delta: 0.0000 Average Delta: 0.000000
DATA: 163947.000 Value: 0.4885 Average Value: 0.4887 Delta: 0.0003 Average Delta: 0.000000
DATA: 164378.000 Value: 0.4887 Average Value: 0.4887 Delta: -0.0003 Average Delta: 0.000000
DATA: 164810.000 Value: 0.4887 Average Value: 0.4887 Delta: 0.0000 Average Delta: 0.000000
DATA: 165240.000 Value: 0.4887 Average Value: 0.4887 Delta: 0.0000 Average Delta: 0.000000
DATA: 165671.000 Value: 0.4885 Average Value: 0.4887 Delta: 0.0003 Average Delta: 0.000000
DATA: 166103.000 Value: 0.4887 Average Value: 0.4887 Delta: -0.0003 Average Delta: 0.000000
DATA: 166534.000 Value: 0.4887 Average Value: 0.4887 Delta: 0.0000 Average Delta: 0.000000
DATA: 166965.000 Value: 0.4882 Average Value: 0.4887 Delta: 0.0005 Average Delta: 0.000000
DATA: 167396.000 Value: 0.4890 Average Value: 0.4887 Delta: -0.0008 Average Delta: 0.000000
DATA: 167828.000 Value: 0.4890 Average Value: 0.4887 Delta: 0.0000 Average Delta: 0.000000
DATA: 168258.000 Value: 0.4890 Average Value: 0.4890 Delta: 0.0000 Average Delta: 0.000000
DATA: 168690.000 Value: 0.4890 Average Value: 0.4890 Delta: 0.0000 Average Delta: 0.000000
DATA: 169121.000 Value: 0.4893 Average Value: 0.4890 Delta: -0.0003 Average Delta: 0.000000
DATA: 169553.000 Value: 0.4887 Average Value: 0.4890 Delta: 0.0005 Average Delta: 0.000000
DATA: 169986.000 Value: 0.4885 Average Value: 0.4890 Delta: 0.0003 Average Delta: 0.000000
DATA: 170416.000 Value: 0.4890 Average Value: 0.4890 Delta: -0.0005 Average Delta: 0.000000
DATA: 170848.000 Value: 0.4882 Average Value: 0.4887 Delta: 0.0008 Average Delta: 0.000281
DATA: 171279.000 Value: 0.4887 Average Value: 0.4887 Delta: -0.0005 Average Delta: 0.000281
DATA: 171711.000 Value: 0.4890 Average Value: 0.4887 Delta: -0.0003 Average Delta: -0.000269
DATA: 172143.000 Value: 0.4885 Average Value: 0.4887 Delta: 0.0005 Average Delta: -0.000269
DATA: 172575.000 Value: 0.4882 Average Value: 0.4885 Delta: 0.0003 Average Delta: 0.000268
DATA: 173006.000 Value: 0.4879 Average Value: 0.4885 Delta: 0.0003 Average Delta: 0.000268
DATA: 173437.000 Value: 0.4887 Average Value: 0.4885 Delta: -0.0008 Average Delta: 0.000268
DATA: 173869.000 Value: 0.4887 Average Value: 0.4885 Delta: 0.0000 Average Delta: 0.000268
DATA: 174300.000 Value: 0.4887 Average Value: 0.4887 Delta: 0.0000 Average Delta: 0.000000
DATA: 174731.000 Value: 0.4885 Average Value: 0.4887 Delta: 0.0003 Average Delta: 0.000000
DATA: 175161.000 Value: 0.4887 Average Value: 0.4887 Delta: -0.0003 Average Delta: 0.000000
DATA: 175593.000 Value: 0.4882 Average Value: 0.4887 Delta: 0.0005 Average Delta: 0.000000
DATA: 176024.000 Value: 0.4882 Average Value: 0.4885 Delta: 0.0000 Average Delta: 0.000000
DATA: 176454.000 Value: 0.4890 Average Value: 0.4885 Delta: -0.0008 Average Delta: 0.000000
DATA: 176886.000 Value: 0.4885 Average Value: 0.4885 Delta: 0.0005 Average Delta: 0.000000
DATA: 177317.000 Value: 0.4890 Average Value: 0.4885 Delta: -0.0005 Average Delta: 0.000000
DATA: 177750.000 Value: 0.4890 Average Value: 0.4890 Delta: 0.0000 Average Delta: 0.000000
DATA: 178180.000 Value: 0.4887 Average Value: 0.4890 Delta: 0.0003 Average Delta: 0.000000
DATA: 178611.000 Value: 0.4882 Average Value: 0.4887 Delta: 0.0005 Average Delta: 0.000269
DATA: 179042.000 Value: 0.4887 Average Value: 0.4887 Delta: -0.0005 Average Delta: 0.000000
DATA: 179473.000 Value: 0.4887 Average Value: 0.4887 Delta: 0.0000 Average Delta: 0.000000
DATA: 179904.000 Value: 0.4882 Average Value: 0.4887 Delta: 0.0005 Average Delta: 0.000269
DATA: 180335.000 Value: 0.4887 Average Value: 0.4887 Delta: -0.0005 Average Delta: 0.000000
DATA: 180766.000 Value: 0.4885 Average Value: 0.4887 Delta: 0.0003 Average Delta: 0.000000
DATA: 181197.000 Value: 0.4887 Average Value: 0.4887 Delta: -0.0003 Average Delta: 0.000000
DATA: 181629.000 Value: 0.4890 Average Value: 0.4887 Delta: -0.0003 Average Delta: -0.000269
DATA: 182063.000 Value: 0.4887 Average Value: 0.4887 Delta: 0.0003 Average Delta: -0.000269
DATA: 182494.000 Value: 0.4887 Average Value: 0.4887 Delta: 0.0000 Average Delta: 0.000000
DATA: 182925.000 Value: 0.4887 Average Value: 0.4887 Delta: 0.0000 Average Delta: 0.000000
DATA: 183356.000 Value: 0.4890 Average Value: 0.4887 Delta: -0.0003 Average Delta: 0.000000
DATA: 183787.000 Value: 0.4885 Average Value: 0.4887 Delta: 0.0005 Average Delta: 0.000000
DATA: 184218.000 Value: 0.4882 Average Value: 0.4887 Delta: 0.0003 Average Delta: 0.000000
DATA: 184649.000 Value: 0.4887 Average Value: 0.4887 Delta: -0.0005 Average Delta: 0.000000
DATA: 185080.000 Value: 0.4885 Average Value: 0.4885 Delta: 0.0003 Average Delta: 0.000268
DATA: 185511.000 Value: 0.4885 Average Value: 0.4885 Delta: 0.0000 Average Delta: 0.000268
DATA: 185943.000 Value: 0.4890 Average Value: 0.4885 Delta: -0.0005 Average Delta: 0.000000
DATA: 186376.000 Value: 0.4887 Average Value: 0.4887 Delta: 0.0003 Average Delta: 0.000000
DATA: 186807.000 Value: 0.4890 Average Value: 0.4887 Delta: -0.0003 Average Delta: 0.000000
DATA: 187238.000 Value: 0.4890 Average Value: 0.4890 Delta: 0.0000 Average Delta: 0.000000
DATA: 187669.000 Value: 0.4887 Average Value: 0.4890 Delta: 0.0003 Average Delta: 0.000000
DATA: 188100.000 Value: 0.4882 Average Value: 0.4887 Delta: 0.0005 Average Delta: 0.000269
DATA: 188530.000 Value: 0.4887 Average Value: 0.4887 Delta: -0.0005 Average Delta: 0.000000
DATA: 188962.000 Value: 0.4887 Average Value: 0.4887 Delta: 0.0000 Average Delta: 0.000000
DATA: 189393.000 Value: 0.4887 Average Value: 0.4887 Delta: 0.0000 Average Delta: 0.000000
DATA: 189824.000 Value: 0.4890 Average Value: 0.4887 Delta: -0.0003 Average Delta: 0.000000
DATA: 190256.000 Value: 0.4890 Average Value: 0.4887 Delta: 0.0000 Average Delta: 0.000000
DATA: 190687.000 Value: 0.4890 Average Value: 0.4890 Delta: 0.0000 Average Delta: 0.000000
DATA: 191117.000 Value: 0.4890 Average Value: 0.4890 Delta: 0.0000 Average Delta: 0.000000
DATA: 191548.000 Value: 0.4893 Average Value: 0.4890 Delta: -0.0003 Average Delta: 0.000000
DATA: 191980.000 Value: 0.4890 Average Value: 0.4890 Delta: 0.0003 Average Delta: 0.000000
DATA: 192410.000 Value: 0.4890 Average Value: 0.4890 Delta: 0.0000 Average Delta: 0.000000
DATA: 192841.000 Value: 0.4890 Average Value: 0.4890 Delta: 0.0000 Average Delta: 0.000000
DATA: 193272.000 Value: 0.4882 Average Value: 0.4890 Delta: 0.0008 Average Delta: 0.000000
DATA: 193702.000 Value: 0.4885 Average Value: 0.4890 Delta: -0.0003 Average Delta: 0.000000
DATA: 194135.000 Value: 0.4890 Average Value: 0.4890 Delta: -0.0005 Average Delta: 0.000000
DATA: 194567.000 Value: 0.4882 Average Value: 0.4885 Delta: 0.0008 Average Delta: 0.000000
DATA: 194997.000 Value: 0.4887 Average Value: 0.4885 Delta: -0.0005 Average Delta: -0.000268
DATA: 195430.000 Value: 0.4887 Average Value: 0.4887 Delta: 0.0000 Average Delta: -0.000268
DATA: 195862.000 Value: 0.4890 Average Value: 0.4887 Delta: -0.0003 Average Delta: -0.000269
DATA: 196294.000 Value: 0.4882 Average Value: 0.4887 Delta: 0.0008 Average Delta: 0.000000
DATA: 196725.000 Value: 0.4885 Average Value: 0.4887 Delta: -0.0003 Average Delta: -0.000268
DATA: 197158.000 Value: 0.4885 Average Value: 0.4885 Delta: 0.0000 Average Delta: 0.000000
DATA: 197591.000 Value: 0.4887 Average Value: 0.4885 Delta: -0.0003 Average Delta: -0.000268
DATA: 198024.000 Value: 0.4885 Average Value: 0.4885 Delta: 0.0003 Average Delta: 0.000000
DATA: 198455.000 Value: 0.4890 Average Value: 0.4885 Delta: -0.0005 Average Delta: -0.000268
DATA: 198887.000 Value: 0.4890 Average Value: 0.4887 Delta: 0.0000 Average Delta: 0.000000
DATA: 199318.000 Value: 0.4885 Average Value: 0.4887 Delta: 0.0005 Average Delta: 0.000000
DATA: 199749.000 Value: 0.4890 Average Value: 0.4890 Delta: -0.0005 Average Delta: 0.000000
DATA: 200182.000 Value: 0.4890 Average Value: 0.4890 Delta: 0.0000 Average Delta: 0.000000
DATA: 200612.000 Value: 0.4885 Average Value: 0.4890 Delta: 0.0005 Average Delta: 0.000000
DATA: 201043.000 Value: 0.4887 Average Value: 0.4887 Delta: -0.0003 Average Delta: 0.000000
DATA: 201476.000 Value: 0.4890 Average Value: 0.4890 Delta: -0.0003 Average Delta: -0.000269
DATA: 201908.000 Value: 0.4882 Average Value: 0.4887 Delta: 0.0008 Average Delta: 0.000000
DATA: 202339.000 Value: 0.4885 Average Value: 0.4885 Delta: -0.0003 Average Delta: -0.000268
DATA: 202772.000 Value: 0.4890 Average Value: 0.4887 Delta: -0.0005 Average Delta: -0.000269
DATA: 203205.000 Value: 0.4893 Average Value: 0.4890 Delta: -0.0003 Average Delta: -0.000269
DATA: 203637.000 Value: 0.4890 Average Value: 0.4890 Delta: 0.0003 Average Delta: -0.000268
DATA: 204069.000 Value: 0.4890 Average Value: 0.4890 Delta: 0.0000 Average Delta: -0.000268
DATA: 204502.000 Value: 0.4882 Average Value: 0.4890 Delta: 0.0008 Average Delta: 0.000000
DATA: 204933.000 Value: 0.4885 Average Value: 0.4890 Delta: -0.0003 Average Delta: 0.000000
DATA: 205364.000 Value: 0.4885 Average Value: 0.4885 Delta: 0.0000 Average Delta: 0.000000
DATA: 205795.000 Value: 0.4887 Average Value: 0.4885 Delta: -0.0003 Average Delta: 0.000000
DATA: 206227.000 Value: 0.4887 Average Value: 0.4885 Delta: 0.0000 Average Delta: 0.000000
DATA: 206657.000 Value: 0.4890 Average Value: 0.4887 Delta: -0.0003 Average Delta: -0.000268
DATA: 207090.000 Value: 0.4885 Average Value: 0.4887 Delta: 0.0005 Average Delta: 0.000000
DATA: 207521.000 Value: 0.4882 Average Value: 0.4887 Delta: 0.0003 Average Delta: 0.000012
DATA: 207951.000 Value: 0.4890 Average Value: 0.4887 Delta: -0.0008 Average Delta: 0.000012
DATA: 208386.000 Value: 0.4885 Average Value: 0.4885 Delta: 0.0005 Average Delta: 0.000268
DATA: 208816.000 Value: 0.4890 Average Value: 0.4885 Delta: -0.0005 Average Delta: 0.000268
DATA: 209248.000 Value: 0.4887 Average Value: 0.4887 Delta: 0.0003 Average Delta: 0.000268
DATA: 209680.000 Value: 0.4885 Average Value: 0.4887 Delta: 0.0003 Average Delta: 0.000269
DATA: 210111.000 Value: 0.4893 Average Value: 0.4887 Delta: -0.0008 Average Delta: 0.000269
DATA: 210543.000 Value: 0.4890 Average Value: 0.4890 Delta: 0.0003 Average Delta: 0.000269
DATA: 210973.000 Value: 0.4885 Average Value: 0.4887 Delta: 0.0005 Average Delta: 0.000269
DATA: 211404.000 Value: 0.4890 Average Value: 0.4890 Delta: -0.0005 Average Delta: 0.000269
DATA: 211836.000 Value: 0.4890 Average Value: 0.4890 Delta: 0.0000 Average Delta: 0.000000
DATA: 212268.000 Value: 0.4885 Average Value: 0.4890 Delta: 0.0005 Average Delta: 0.000269
DATA: 212698.000 Value: 0.4890 Average Value: 0.4890 Delta: -0.0005 Average Delta: 0.000000
DATA: 213130.000 Value: 0.4893 Average Value: 0.4890 Delta: -0.0003 Average Delta: -0.000269
DATA: 213563.000 Value: 0.4887 Average Value: 0.4890 Delta: 0.0005 Average Delta: 0.000000
DATA: 213993.000 Value: 0.4887 Average Value: 0.4887 Delta: 0.0000 Average Delta: 0.000000
DATA: 214424.000 Value: 0.4890 Average Value: 0.4890 Delta: -0.0003 Average Delta: -0.000269
DATA: 214857.000 Value: 0.4890 Average Value: 0.4890 Delta: 0.0000 Average Delta: 0.000000
DATA: 215287.000 Value: 0.4890 Average Value: 0.4890 Delta: 0.0000 Average Delta: 0.000000
DATA: 215718.000 Value: 0.4893 Average Value: 0.4890 Delta: -0.0003 Average Delta: 0.000000
DATA: 216151.000 Value: 0.4890 Average Value: 0.4890 Delta: 0.0003 Average Delta: 0.000000
DATA: 216581.000 Value: 0.4885 Average Value: 0.4890 Delta: 0.0005 Average Delta: 0.000000
DATA: 217012.000 Value: 0.4885 Average Value: 0.4890 Delta: 0.0000 Average Delta: 0.000000
DATA: 217443.000 Value: 0.4885 Average Value: 0.4885 Delta: 0.0000 Average Delta: 0.000000
DATA: 217873.000 Value: 0.4885 Average Value: 0.4885 Delta: 0.0000 Average Delta: 0.000000
DATA: 218304.000 Value: 0.4887 Average Value: 0.4885 Delta: -0.0003 Average Delta: 0.000000
DATA: 218736.000 Value: 0.4887 Average Value: 0.4885 Delta: 0.0000 Average Delta: 0.000000
DATA: 219166.000 Value: 0.4885 Average Value: 0.4885 Delta: 0.0003 Average Delta: 0.000000
DATA: 219597.000 Value: 0.4885 Average Value: 0.4885 Delta: 0.0000 Average Delta: 0.000000
DATA: 220028.000 Value: 0.4890 Average Value: 0.4887 Delta: -0.0005 Average Delta: 0.000000
DATA: 220460.000 Value: 0.4893 Average Value: 0.4887 Delta: -0.0003 Average Delta: 0.000000
DATA: 220892.000 Value: 0.4893 Average Value: 0.4890 Delta: 0.0000 Average Delta: 0.000000
DATA: 221323.000 Value: 0.4887 Average Value: 0.4890 Delta: 0.0005 Average Delta: 0.000000
DATA: 221753.000 Value: 0.4887 Average Value: 0.4890 Delta: 0.0000 Average Delta: 0.000000
DATA: 222184.000 Value: 0.4890 Average Value: 0.4890 Delta: -0.0003 Average Delta: 0.000000
DATA: 222616.000 Value: 0.4887 Average Value: 0.4887 Delta: 0.0003 Average Delta: 0.000000
